[INFO  Wed 18 Dec 2024 01:55:47 PM GMT] You pressed the j key too soon! Use [count]j or CTRL-D to scroll down.
[INFO  Wed 18 Dec 2024 01:55:49 PM GMT] You pressed the k key too soon! Use [count]k or CTRL-U to scroll up.
[INFO  Wed 18 Dec 2024 01:55:51 PM GMT] You pressed the j key too soon! Use [count]j or CTRL-D to scroll down.
[INFO  Wed 18 Dec 2024 01:55:53 PM GMT] You pressed the k key too soon! Use [count]k or CTRL-U to scroll up.
[INFO  Wed 18 Dec 2024 01:55:55 PM GMT] You pressed the j key too soon! Use [count]j or CTRL-D to scroll down.
[INFO  Wed 18 Dec 2024 01:55:56 PM GMT] You pressed the j key too soon! Use [count]j or CTRL-D to scroll down.
[INFO  Wed 18 Dec 2024 01:55:57 PM GMT] You pressed the j key too soon! Use [count]j or CTRL-D to scroll down.
[INFO  Wed 18 Dec 2024 01:55:58 PM GMT] You pressed the j key too soon! Use [count]j or CTRL-D to scroll down.
[INFO  Wed 18 Dec 2024 01:55:59 PM GMT] You pressed the j key too soon! Use [count]j or CTRL-D to scroll down.
[INFO  Wed 18 Dec 2024 01:56:01 PM GMT] You pressed the k key too soon! Use [count]k or CTRL-U to scroll up.
[INFO  Wed 18 Dec 2024 01:56:03 PM GMT] You pressed the k key too soon! Use [count]k or CTRL-U to scroll up.
[INFO  Wed 18 Dec 2024 01:58:33 PM GMT] You pressed the j key too soon! Use [count]j or CTRL-D to scroll down.
[INFO  Wed 18 Dec 2024 01:58:49 PM GMT] You pressed the j key too soon! Use [count]j or CTRL-D to scroll down.
[INFO  Wed 18 Dec 2024 01:59:11 PM GMT] You pressed the j key too soon! Use [count]j or CTRL-D to scroll down.
[INFO  Wed 18 Dec 2024 01:59:14 PM GMT] You pressed the j key too soon! Use [count]j or CTRL-D to scroll down.
[INFO  Wed 18 Dec 2024 01:59:17 PM GMT] You pressed the j key too soon! Use [count]j or CTRL-D to scroll down.
[INFO  Wed 18 Dec 2024 01:59:35 PM GMT] You pressed the k key too soon! Use [count]k or CTRL-U to scroll up.
[INFO  Wed 18 Dec 2024 01:59:37 PM GMT] You pressed the k key too soon! Use [count]k or CTRL-U to scroll up.
[INFO  Wed 18 Dec 2024 02:06:38 PM GMT] You pressed the j key too soon! Use [count]j or CTRL-D to scroll down.
[INFO  Wed 18 Dec 2024 02:09:59 PM GMT] You pressed the j key too soon! Use [count]j or CTRL-D to scroll down.
[INFO  Wed 18 Dec 2024 02:10:03 PM GMT] You pressed the j key too soon! Use [count]j or CTRL-D to scroll down.
[INFO  Wed 18 Dec 2024 02:10:09 PM GMT] You pressed the j key too soon! Use [count]j or CTRL-D to scroll down.
[INFO  Wed 18 Dec 2024 02:10:58 PM GMT] The <Up> key is disabled!
[INFO  Wed 18 Dec 2024 02:10:59 PM GMT] The <Up> key is disabled!
[INFO  Wed 18 Dec 2024 02:11:00 PM GMT] The <Down> key is disabled!
[INFO  Wed 18 Dec 2024 02:11:01 PM GMT] The <Down> key is disabled!
[INFO  Wed 18 Dec 2024 02:11:02 PM GMT] The <Left> key is disabled!
[INFO  Wed 18 Dec 2024 02:11:04 PM GMT] The <Up> key is disabled!
[INFO  Wed 18 Dec 2024 02:11:05 PM GMT] The <Up> key is disabled!
[INFO  Wed 18 Dec 2024 02:11:41 PM GMT] You pressed the k key too soon! Use [count]k or CTRL-U to scroll up.
[INFO  Wed 18 Dec 2024 02:12:20 PM GMT] You pressed the k key too soon! Use [count]k or CTRL-U to scroll up.
[INFO  Wed 18 Dec 2024 02:12:35 PM GMT] You pressed the j key too soon! Use [count]j or CTRL-D to scroll down.
[INFO  Wed 18 Dec 2024 02:12:37 PM GMT] You pressed the j key too soon! Use [count]j or CTRL-D to scroll down.
[INFO  Wed 18 Dec 2024 02:12:39 PM GMT] You pressed the j key too soon! Use [count]j or CTRL-D to scroll down.
[INFO  Wed 18 Dec 2024 02:12:49 PM GMT] You pressed the j key too soon! Use [count]j or CTRL-D to scroll down.
[INFO  Wed 18 Dec 2024 02:15:28 PM GMT] You pressed the j key too soon! Use [count]j or CTRL-D to scroll down.
[INFO  Wed 18 Dec 2024 02:15:29 PM GMT] You pressed the j key too soon! Use [count]j or CTRL-D to scroll down.
[INFO  Wed 18 Dec 2024 02:15:31 PM GMT] You pressed the k key too soon! Use [count]k or CTRL-U to scroll up.
[INFO  Wed 18 Dec 2024 02:15:34 PM GMT] You pressed the j key too soon! Use [count]j or CTRL-D to scroll down.
[INFO  Wed 18 Dec 2024 02:15:39 PM GMT] You pressed the l key too soon!
[INFO  Wed 18 Dec 2024 02:15:42 PM GMT] You pressed the l key too soon!
[INFO  Wed 18 Dec 2024 02:15:55 PM GMT] The <Up> key is disabled!
[INFO  Wed 18 Dec 2024 02:15:56 PM GMT] The <Down> key is disabled!
[INFO  Wed 18 Dec 2024 02:15:57 PM GMT] The <Up> key is disabled!
[INFO  Wed 18 Dec 2024 02:16:20 PM GMT] You pressed the j key too soon! Use [count]j or CTRL-D to scroll down.
[INFO  Wed 18 Dec 2024 02:16:27 PM GMT] You pressed the k key too soon! Use [count]k or CTRL-U to scroll up.
[INFO  Wed 18 Dec 2024 02:16:37 PM GMT] You pressed the j key too soon! Use [count]j or CTRL-D to scroll down.
[INFO  Wed 18 Dec 2024 02:16:39 PM GMT] The <Down> key is disabled!
[INFO  Wed 18 Dec 2024 02:16:40 PM GMT] The <Down> key is disabled!
[INFO  Wed 18 Dec 2024 02:16:42 PM GMT] The <Right> key is disabled!
[INFO  Wed 18 Dec 2024 02:16:43 PM GMT] The <Left> key is disabled!
[INFO  Wed 18 Dec 2024 02:16:50 PM GMT] You pressed the j key too soon! Use [count]j or CTRL-D to scroll down.
[INFO  Wed 18 Dec 2024 02:18:59 PM GMT] You pressed the j key too soon! Use [count]j or CTRL-D to scroll down.
[INFO  Wed 18 Dec 2024 02:19:00 PM GMT] You pressed the j key too soon! Use [count]j or CTRL-D to scroll down.
[INFO  Wed 18 Dec 2024 02:21:47 PM GMT] You pressed the k key too soon! Use [count]k or CTRL-U to scroll up.
[INFO  Wed 18 Dec 2024 02:25:34 PM GMT] You pressed the j key too soon! Use [count]j or CTRL-D to scroll down.
[INFO  Wed 18 Dec 2024 02:25:35 PM GMT] You pressed the j key too soon! Use [count]j or CTRL-D to scroll down.
[INFO  Wed 18 Dec 2024 02:25:36 PM GMT] You pressed the j key too soon! Use [count]j or CTRL-D to scroll down.
[INFO  Wed 18 Dec 2024 02:25:38 PM GMT] You pressed the k key too soon! Use [count]k or CTRL-U to scroll up.
[INFO  Wed 18 Dec 2024 02:25:40 PM GMT] You pressed the l key too soon!
[INFO  Wed 18 Dec 2024 02:25:41 PM GMT] You pressed the l key too soon!
[INFO  Wed 18 Dec 2024 02:25:45 PM GMT] You pressed the j key too soon! Use [count]j or CTRL-D to scroll down.
[INFO  Wed 18 Dec 2024 02:49:52 PM GMT] You pressed the j key too soon! Use [count]j or CTRL-D to scroll down.
[INFO  Wed 18 Dec 2024 02:49:55 PM GMT] You pressed the j key too soon! Use [count]j or CTRL-D to scroll down.
[INFO  Wed 18 Dec 2024 02:50:01 PM GMT] You pressed the j key too soon! Use [count]j or CTRL-D to scroll down.
[INFO  Wed 18 Dec 2024 03:42:13 PM GMT] You pressed the k key too soon! Use [count]k or CTRL-U to scroll up.
[INFO  Wed 18 Dec 2024 03:42:36 PM GMT] You pressed the j key too soon! Use [count]j or CTRL-D to scroll down.
[INFO  Wed 18 Dec 2024 03:42:39 PM GMT] You pressed the j key too soon! Use [count]j or CTRL-D to scroll down.
[INFO  Wed 18 Dec 2024 03:42:42 PM GMT] You pressed the j key too soon! Use [count]j or CTRL-D to scroll down.
[INFO  Wed 18 Dec 2024 03:42:48 PM GMT] You pressed the j key too soon! Use [count]j or CTRL-D to scroll down.
[INFO  Wed 18 Dec 2024 03:45:14 PM GMT] You pressed the j key too soon! Use [count]j or CTRL-D to scroll down.
[INFO  Wed 18 Dec 2024 03:45:35 PM GMT] You pressed the k key too soon! Use [count]k or CTRL-U to scroll up.
[INFO  Wed 18 Dec 2024 03:45:37 PM GMT] You pressed the k key too soon! Use [count]k or CTRL-U to scroll up.
[INFO  Wed 18 Dec 2024 03:45:43 PM GMT] You pressed the j key too soon! Use [count]j or CTRL-D to scroll down.
[INFO  Wed 18 Dec 2024 03:45:51 PM GMT] You pressed the j key too soon! Use [count]j or CTRL-D to scroll down.
[INFO  Wed 18 Dec 2024 03:45:54 PM GMT] You pressed the k key too soon! Use [count]k or CTRL-U to scroll up.
[INFO  Wed 18 Dec 2024 03:45:58 PM GMT] You pressed the k key too soon! Use [count]k or CTRL-U to scroll up.
[INFO  Wed 18 Dec 2024 03:46:37 PM GMT] You pressed the k key too soon! Use [count]k or CTRL-U to scroll up.
[INFO  Wed 18 Dec 2024 03:46:39 PM GMT] You pressed the k key too soon! Use [count]k or CTRL-U to scroll up.
[INFO  Wed 18 Dec 2024 03:46:42 PM GMT] You pressed the k key too soon! Use [count]k or CTRL-U to scroll up.
[INFO  Wed 18 Dec 2024 03:46:43 PM GMT] You pressed the j key too soon! Use [count]j or CTRL-D to scroll down.
[INFO  Wed 18 Dec 2024 03:46:44 PM GMT] You pressed the j key too soon! Use [count]j or CTRL-D to scroll down.
[INFO  Wed 18 Dec 2024 03:46:56 PM GMT] You pressed the k key too soon! Use [count]k or CTRL-U to scroll up.
[INFO  Wed 18 Dec 2024 03:46:58 PM GMT] You pressed the j key too soon! Use [count]j or CTRL-D to scroll down.
[INFO  Wed 18 Dec 2024 03:47:13 PM GMT] You pressed the k key too soon! Use [count]k or CTRL-U to scroll up.
[INFO  Wed 18 Dec 2024 03:49:30 PM GMT] You pressed the j key too soon! Use [count]j or CTRL-D to scroll down.
[INFO  Wed 18 Dec 2024 03:49:37 PM GMT] You pressed the k key too soon! Use [count]k or CTRL-U to scroll up.
[INFO  Wed 18 Dec 2024 03:49:49 PM GMT] You pressed the j key too soon! Use [count]j or CTRL-D to scroll down.
[INFO  Wed 18 Dec 2024 03:50:24 PM GMT] You pressed the l key too soon!
[INFO  Wed 18 Dec 2024 03:50:27 PM GMT] You pressed the l key too soon!
[INFO  Wed 18 Dec 2024 03:50:53 PM GMT] You pressed the l key too soon!
[INFO  Wed 18 Dec 2024 03:50:56 PM GMT] You pressed the h key too soon!
[INFO  Wed 18 Dec 2024 03:50:58 PM GMT] You pressed the l key too soon!
[INFO  Wed 18 Dec 2024 03:55:42 PM GMT] You pressed the k key too soon! Use [count]k or CTRL-U to scroll up.
[INFO  Wed 18 Dec 2024 03:55:47 PM GMT] You pressed the j key too soon! Use [count]j or CTRL-D to scroll down.
[INFO  Wed 18 Dec 2024 03:55:55 PM GMT] You pressed the k key too soon! Use [count]k or CTRL-U to scroll up.
[INFO  Wed 18 Dec 2024 03:56:13 PM GMT] You pressed the k key too soon! Use [count]k or CTRL-U to scroll up.
[INFO  Wed 18 Dec 2024 03:56:14 PM GMT] You pressed the k key too soon! Use [count]k or CTRL-U to scroll up.
[INFO  Wed 18 Dec 2024 03:56:17 PM GMT] You pressed the j key too soon! Use [count]j or CTRL-D to scroll down.
[INFO  Wed 18 Dec 2024 03:56:18 PM GMT] You pressed the j key too soon! Use [count]j or CTRL-D to scroll down.
[INFO  Wed 18 Dec 2024 03:56:21 PM GMT] Use a instead of li
[INFO  Wed 18 Dec 2024 03:56:33 PM GMT] You pressed the j key too soon! Use [count]j or CTRL-D to scroll down.
[INFO  Wed 18 Dec 2024 03:56:50 PM GMT] You pressed the k key too soon! Use [count]k or CTRL-U to scroll up.
[INFO  Wed 18 Dec 2024 03:57:50 PM GMT] You pressed the j key too soon! Use [count]j or CTRL-D to scroll down.
[INFO  Wed 18 Dec 2024 03:57:56 PM GMT] You pressed the l key too soon!
[INFO  Wed 18 Dec 2024 03:58:02 PM GMT] You pressed the j key too soon! Use [count]j or CTRL-D to scroll down.
[INFO  Wed 18 Dec 2024 03:58:08 PM GMT] Use a instead of li
[INFO  Wed 18 Dec 2024 03:58:11 PM GMT] You pressed the k key too soon! Use [count]k or CTRL-U to scroll up.
[INFO  Wed 18 Dec 2024 03:58:13 PM GMT] You pressed the l key too soon!
[INFO  Wed 18 Dec 2024 03:58:17 PM GMT] You pressed the j key too soon! Use [count]j or CTRL-D to scroll down.
[INFO  Wed 18 Dec 2024 03:58:18 PM GMT] You pressed the l key too soon!
[INFO  Wed 18 Dec 2024 03:58:35 PM GMT] You pressed the h key too soon!
[INFO  Wed 18 Dec 2024 03:58:47 PM GMT] You pressed the j key too soon! Use [count]j or CTRL-D to scroll down.
[INFO  Wed 18 Dec 2024 04:44:12 PM GMT] Use o instead of jO
[INFO  Wed 18 Dec 2024 04:50:21 PM GMT] You pressed the k key too soon! Use [count]k or CTRL-U to scroll up.
[INFO  Wed 18 Dec 2024 04:55:25 PM GMT] You pressed the j key too soon! Use [count]j or CTRL-D to scroll down.
[INFO  Wed 18 Dec 2024 04:55:27 PM GMT] You pressed the k key too soon! Use [count]k or CTRL-U to scroll up.
[INFO  Thu 19 Dec 2024 08:41:28 AM GMT] You pressed the <C-N> key too soon!
[INFO  Thu 19 Dec 2024 08:41:38 AM GMT] You pressed the <C-N> key too soon!
[INFO  Thu 19 Dec 2024 08:41:42 AM GMT] You pressed the <C-N> key too soon!
[INFO  Thu 19 Dec 2024 08:42:37 AM GMT] You pressed the j key too soon! Use [count]j or CTRL-D to scroll down.
[INFO  Thu 19 Dec 2024 08:42:43 AM GMT] You pressed the j key too soon! Use [count]j or CTRL-D to scroll down.
[INFO  Thu 19 Dec 2024 08:46:26 AM GMT] You pressed the <C-N> key too soon!
[INFO  Thu 19 Dec 2024 08:46:32 AM GMT] You pressed the <C-N> key too soon!
[INFO  Thu 19 Dec 2024 08:46:41 AM GMT] You pressed the <C-N> key too soon!
[INFO  Thu 19 Dec 2024 08:47:34 AM GMT] You pressed the j key too soon! Use [count]j or CTRL-D to scroll down.
[INFO  Thu 19 Dec 2024 08:47:36 AM GMT] You pressed the k key too soon! Use [count]k or CTRL-U to scroll up.
[INFO  Thu 19 Dec 2024 08:47:42 AM GMT] You pressed the <C-N> key too soon!
[INFO  Thu 19 Dec 2024 08:47:53 AM GMT] You pressed the j key too soon! Use [count]j or CTRL-D to scroll down.
[INFO  Thu 19 Dec 2024 08:49:17 AM GMT] You pressed the j key too soon! Use [count]j or CTRL-D to scroll down.
[INFO  Thu 19 Dec 2024 08:50:55 AM GMT] You pressed the j key too soon! Use [count]j or CTRL-D to scroll down.
[INFO  Thu 19 Dec 2024 08:50:56 AM GMT] You pressed the k key too soon! Use [count]k or CTRL-U to scroll up.
[INFO  Thu 19 Dec 2024 08:50:59 AM GMT] You pressed the <C-N> key too soon!
[INFO  Thu 19 Dec 2024 08:51:01 AM GMT] You pressed the l key too soon!
[INFO  Thu 06 Feb 2025 10:34:05 PM GMT] You pressed the j key too soon! Use [count]j or CTRL-D to scroll down.
[INFO  Thu 06 Feb 2025 10:37:58 PM GMT] You pressed the j key too soon! Use [count]j or CTRL-D to scroll down.
[INFO  Thu 06 Feb 2025 10:37:59 PM GMT] You pressed the k key too soon! Use [count]k or CTRL-U to scroll up.
[INFO  Thu 06 Feb 2025 10:38:03 PM GMT] You pressed the j key too soon! Use [count]j or CTRL-D to scroll down.
[INFO  Thu 06 Feb 2025 10:38:08 PM GMT] You pressed the k key too soon! Use [count]k or CTRL-U to scroll up.
[INFO  Thu 06 Feb 2025 10:39:19 PM GMT] You pressed the h key too soon!
[INFO  Thu 06 Feb 2025 10:39:50 PM GMT] You pressed the k key too soon! Use [count]k or CTRL-U to scroll up.
[INFO  Thu 06 Feb 2025 10:47:15 PM GMT] You pressed the k key too soon! Use [count]k or CTRL-U to scroll up.
[INFO  Fri 07 Feb 2025 09:20:47 AM GMT] You pressed the j key too soon! Use [count]j or CTRL-D to scroll down.
[INFO  Fri 07 Feb 2025 09:23:04 AM GMT] You pressed the j key too soon! Use [count]j or CTRL-D to scroll down.
[INFO  Fri 07 Feb 2025 09:43:39 AM GMT] You pressed the k key too soon! Use [count]k or CTRL-U to scroll up.
[INFO  Fri 07 Feb 2025 09:43:41 AM GMT] You pressed the k key too soon! Use [count]k or CTRL-U to scroll up.
[INFO  Fri 07 Feb 2025 09:43:42 AM GMT] You pressed the j key too soon! Use [count]j or CTRL-D to scroll down.
[INFO  Fri 07 Feb 2025 09:43:45 AM GMT] You pressed the j key too soon! Use [count]j or CTRL-D to scroll down.
[INFO  Fri 07 Feb 2025 09:43:46 AM GMT] You pressed the k key too soon! Use [count]k or CTRL-U to scroll up.
[INFO  Fri 07 Feb 2025 09:45:36 AM GMT] You pressed the <CR> key too soon!
[INFO  Fri 07 Feb 2025 09:46:10 AM GMT] You pressed the k key too soon! Use [count]k or CTRL-U to scroll up.
[INFO  Fri 07 Feb 2025 09:49:04 AM GMT] You pressed the k key too soon! Use [count]k or CTRL-U to scroll up.
[INFO  Fri 07 Feb 2025 09:49:06 AM GMT] You pressed the j key too soon! Use [count]j or CTRL-D to scroll down.
[INFO  Fri 07 Feb 2025 09:49:08 AM GMT] You pressed the j key too soon! Use [count]j or CTRL-D to scroll down.
[INFO  Fri 07 Feb 2025 09:49:09 AM GMT] You pressed the j key too soon! Use [count]j or CTRL-D to scroll down.
[INFO  Fri 07 Feb 2025 12:31:01 PM GMT] You pressed the k key too soon! Use [count]k or CTRL-U to scroll up.
[INFO  Fri 07 Feb 2025 12:31:03 PM GMT] You pressed the j key too soon! Use [count]j or CTRL-D to scroll down.
[INFO  Fri 07 Feb 2025 12:31:05 PM GMT] You pressed the j key too soon! Use [count]j or CTRL-D to scroll down.
[INFO  Fri 07 Feb 2025 12:31:24 PM GMT] You pressed the j key too soon! Use [count]j or CTRL-D to scroll down.
[INFO  Fri 07 Feb 2025 12:31:27 PM GMT] You pressed the k key too soon! Use [count]k or CTRL-U to scroll up.
[INFO  Fri 07 Feb 2025 12:32:22 PM GMT] You pressed the j key too soon! Use [count]j or CTRL-D to scroll down.
[INFO  Fri 07 Feb 2025 12:32:35 PM GMT] You pressed the k key too soon! Use [count]k or CTRL-U to scroll up.
[INFO  Fri 07 Feb 2025 12:32:44 PM GMT] You pressed the k key too soon! Use [count]k or CTRL-U to scroll up.
[INFO  Fri 07 Feb 2025 12:32:50 PM GMT] You pressed the k key too soon! Use [count]k or CTRL-U to scroll up.
[INFO  Fri 07 Feb 2025 12:32:58 PM GMT] You pressed the k key too soon! Use [count]k or CTRL-U to scroll up.
[INFO  Mon 10 Feb 2025 11:00:36 AM GMT] You pressed the k key too soon! Use [count]k or CTRL-U to scroll up.
[INFO  Mon 10 Feb 2025 11:03:47 AM GMT] You pressed the h key too soon!
[INFO  Mon 10 Feb 2025 11:03:49 AM GMT] You pressed the h key too soon!
[INFO  Mon 10 Feb 2025 11:53:46 AM GMT] You pressed the j key too soon! Use [count]j or CTRL-D to scroll down.
[INFO  Mon 10 Feb 2025 11:53:53 AM GMT] You pressed the k key too soon! Use [count]k or CTRL-U to scroll up.
[INFO  Mon 10 Feb 2025 11:53:54 AM GMT] You pressed the h key too soon!
[INFO  Tue 13 May 2025 11:35:03 PM IST] You pressed the j key too soon! Use [count]j or CTRL-D to scroll down.
[INFO  Wed 14 May 2025 08:51:21 AM IST] You pressed the j key too soon! Use [count]j or CTRL-D to scroll down.
[INFO  Wed 14 May 2025 08:55:32 AM IST] You pressed the j key too soon! Use [count]j or CTRL-D to scroll down.
[INFO  Wed 14 May 2025 08:56:14 AM IST] You pressed the k key too soon! Use [count]k or CTRL-U to scroll up.
[INFO  Wed 14 May 2025 08:58:53 AM IST] You pressed the j key too soon! Use [count]j or CTRL-D to scroll down.
[INFO  Wed 14 May 2025 08:58:54 AM IST] You pressed the j key too soon! Use [count]j or CTRL-D to scroll down.
[INFO  Wed 14 May 2025 08:58:55 AM IST] You pressed the j key too soon! Use [count]j or CTRL-D to scroll down.
[INFO  Wed 14 May 2025 08:58:57 AM IST] You pressed the k key too soon! Use [count]k or CTRL-U to scroll up.
[INFO  Wed 14 May 2025 08:58:58 AM IST] You pressed the k key too soon! Use [count]k or CTRL-U to scroll up.
[INFO  Wed 14 May 2025 08:58:59 AM IST] You pressed the k key too soon! Use [count]k or CTRL-U to scroll up.
[INFO  Wed 14 May 2025 08:59:14 AM IST] You pressed the k key too soon! Use [count]k or CTRL-U to scroll up.
[INFO  Wed 14 May 2025 08:59:24 AM IST] You pressed the k key too soon! Use [count]k or CTRL-U to scroll up.
[INFO  Wed 14 May 2025 08:59:25 AM IST] You pressed the k key too soon! Use [count]k or CTRL-U to scroll up.
[INFO  Wed 14 May 2025 08:59:27 AM IST] You pressed the j key too soon! Use [count]j or CTRL-D to scroll down.
[INFO  Wed 14 May 2025 09:55:29 AM IST] You pressed the j key too soon! Use [count]j or CTRL-D to scroll down.
[INFO  Wed 14 May 2025 09:59:53 AM IST] You pressed the k key too soon! Use [count]k or CTRL-U to scroll up.
[INFO  Wed 14 May 2025 09:59:55 AM IST] You pressed the k key too soon! Use [count]k or CTRL-U to scroll up.
[INFO  Wed 14 May 2025 10:00:58 AM IST] You pressed the k key too soon! Use [count]k or CTRL-U to scroll up.
[INFO  Wed 14 May 2025 10:01:37 AM IST] You pressed the j key too soon! Use [count]j or CTRL-D to scroll down.
[INFO  Wed 14 May 2025 10:02:51 AM IST] You pressed the j key too soon! Use [count]j or CTRL-D to scroll down.
[INFO  Wed 14 May 2025 10:08:20 AM IST] You pressed the j key too soon! Use [count]j or CTRL-D to scroll down.
[INFO  Wed 14 May 2025 10:12:04 AM IST] You pressed the j key too soon! Use [count]j or CTRL-D to scroll down.
[INFO  Wed 14 May 2025 10:17:52 AM IST] You pressed the j key too soon! Use [count]j or CTRL-D to scroll down.
[INFO  Wed 14 May 2025 10:17:55 AM IST] You pressed the k key too soon! Use [count]k or CTRL-U to scroll up.
[INFO  Wed 14 May 2025 10:18:30 AM IST] You pressed the k key too soon! Use [count]k or CTRL-U to scroll up.
[INFO  Wed 14 May 2025 10:19:21 AM IST] You pressed the k key too soon! Use [count]k or CTRL-U to scroll up.
[INFO  Wed 14 May 2025 11:01:41 AM IST] You pressed the j key too soon! Use [count]j or CTRL-D to scroll down.
[INFO  Wed 14 May 2025 11:01:43 AM IST] You pressed the j key too soon! Use [count]j or CTRL-D to scroll down.
[INFO  Wed 14 May 2025 11:01:48 AM IST] You pressed the j key too soon! Use [count]j or CTRL-D to scroll down.
[INFO  Wed 14 May 2025 11:02:50 AM IST] You pressed the k key too soon! Use [count]k or CTRL-U to scroll up.
[INFO  Wed 14 May 2025 11:03:48 AM IST] You pressed the j key too soon! Use [count]j or CTRL-D to scroll down.
[INFO  Wed 14 May 2025 11:03:54 AM IST] You pressed the j key too soon! Use [count]j or CTRL-D to scroll down.
[INFO  Wed 14 May 2025 11:03:59 AM IST] You pressed the <C-N> key too soon!
[INFO  Wed 14 May 2025 11:04:08 AM IST] You pressed the <C-N> key too soon!
[INFO  Wed 14 May 2025 11:04:17 AM IST] You pressed the <C-N> key too soon!
[INFO  Wed 14 May 2025 11:04:27 AM IST] You pressed the j key too soon! Use [count]j or CTRL-D to scroll down.
[INFO  Sat 17 May 2025 12:52:14 AM IST] You pressed the l key too soon! Use w/W/e/E/f/t/$ to move right.
[INFO  Sat 17 May 2025 01:50:07 AM IST] You pressed the j key too soon! Use [count]j or CTRL-D to scroll down.
[INFO  Sat 17 May 2025 01:50:16 AM IST] You pressed the k key too soon! Use [count]k or CTRL-U to scroll up.
[INFO  Sat 17 May 2025 01:50:19 AM IST] You pressed the j key too soon! Use [count]j or CTRL-D to scroll down.
[INFO  Sat 17 May 2025 01:51:11 AM IST] You pressed the k key too soon! Use [count]k or CTRL-U to scroll up.
[INFO  Sat 17 May 2025 01:51:13 AM IST] You pressed the j key too soon! Use [count]j or CTRL-D to scroll down.
[INFO  Sat 17 May 2025 01:51:20 AM IST] You pressed the k key too soon! Use [count]k or CTRL-U to scroll up.
[INFO  Sat 17 May 2025 01:51:32 AM IST] You pressed the k key too soon! Use [count]k or CTRL-U to scroll up.
[INFO  Sat 17 May 2025 01:52:07 AM IST] You pressed the k key too soon! Use [count]k or CTRL-U to scroll up.
[INFO  Sat 17 May 2025 01:52:09 AM IST] You pressed the k key too soon! Use [count]k or CTRL-U to scroll up.
[INFO  Sat 17 May 2025 01:52:11 AM IST] You pressed the k key too soon! Use [count]k or CTRL-U to scroll up.
[INFO  Sat 17 May 2025 01:52:12 AM IST] You pressed the k key too soon! Use [count]k or CTRL-U to scroll up.
[INFO  Sat 17 May 2025 01:52:13 AM IST] You pressed the k key too soon! Use [count]k or CTRL-U to scroll up.
[INFO  Sat 17 May 2025 01:52:22 AM IST] You pressed the k key too soon! Use [count]k or CTRL-U to scroll up.
[INFO  Sat 17 May 2025 01:53:01 AM IST] You pressed the k key too soon! Use [count]k or CTRL-U to scroll up.
[INFO  Sat 17 May 2025 01:54:09 AM IST] You pressed the k key too soon! Use [count]k or CTRL-U to scroll up.
[INFO  Sat 17 May 2025 01:54:10 AM IST] You pressed the k key too soon! Use [count]k or CTRL-U to scroll up.
[INFO  Sat 17 May 2025 01:54:11 AM IST] You pressed the k key too soon! Use [count]k or CTRL-U to scroll up.
[INFO  Sat 17 May 2025 01:54:12 AM IST] You pressed the k key too soon! Use [count]k or CTRL-U to scroll up.
[INFO  Sat 17 May 2025 01:54:13 AM IST] You pressed the k key too soon! Use [count]k or CTRL-U to scroll up.
[INFO  Sat 17 May 2025 01:54:14 AM IST] You pressed the k key too soon! Use [count]k or CTRL-U to scroll up.
[INFO  Sat 17 May 2025 01:54:15 AM IST] You pressed the j key too soon! Use [count]j or CTRL-D to scroll down.
[INFO  Sat 17 May 2025 01:54:16 AM IST] You pressed the j key too soon! Use [count]j or CTRL-D to scroll down.
[INFO  Sat 17 May 2025 01:54:18 AM IST] You pressed the k key too soon! Use [count]k or CTRL-U to scroll up.
[INFO  Sat 17 May 2025 01:54:19 AM IST] You pressed the k key too soon! Use [count]k or CTRL-U to scroll up.
[INFO  Sat 17 May 2025 01:54:23 AM IST] You pressed the j key too soon! Use [count]j or CTRL-D to scroll down.
[INFO  Sat 17 May 2025 01:54:26 AM IST] You pressed the l key too soon! Use w/W/e/E/f/t/$ to move right.
[INFO  Sat 17 May 2025 01:54:34 AM IST] You pressed the k key too soon! Use [count]k or CTRL-U to scroll up.
[INFO  Sat 17 May 2025 01:54:42 AM IST] You pressed the j key too soon! Use [count]j or CTRL-D to scroll down.
[INFO  Sat 17 May 2025 01:54:46 AM IST] You pressed the j key too soon! Use [count]j or CTRL-D to scroll down.
[INFO  Sat 17 May 2025 01:54:48 AM IST] You pressed the k key too soon! Use [count]k or CTRL-U to scroll up.
[INFO  Sat 17 May 2025 01:54:55 AM IST] You pressed the k key too soon! Use [count]k or CTRL-U to scroll up.
[INFO  Sat 17 May 2025 01:54:56 AM IST] You pressed the k key too soon! Use [count]k or CTRL-U to scroll up.
[INFO  Sat 17 May 2025 01:54:57 AM IST] You pressed the k key too soon! Use [count]k or CTRL-U to scroll up.
[INFO  Sat 17 May 2025 01:55:00 AM IST] You pressed the k key too soon! Use [count]k or CTRL-U to scroll up.
[INFO  Sat 17 May 2025 01:55:11 AM IST] You pressed the k key too soon! Use [count]k or CTRL-U to scroll up.
[INFO  Sat 17 May 2025 01:55:13 AM IST] You pressed the k key too soon! Use [count]k or CTRL-U to scroll up.
[INFO  Sat 17 May 2025 01:55:15 AM IST] You pressed the j key too soon! Use [count]j or CTRL-D to scroll down.
[INFO  Sat 17 May 2025 01:56:09 AM IST] You pressed the j key too soon! Use [count]j or CTRL-D to scroll down.
[INFO  Sat 17 May 2025 01:56:15 AM IST] You pressed the j key too soon! Use [count]j or CTRL-D to scroll down.
[INFO  Sat 17 May 2025 01:56:17 AM IST] You pressed the k key too soon! Use [count]k or CTRL-U to scroll up.
[INFO  Sat 17 May 2025 01:57:44 AM IST] You pressed the l key too soon! Use w/W/e/E/f/t/$ to move right.
[INFO  Sat 17 May 2025 01:58:53 AM IST] You pressed the k key too soon! Use [count]k or CTRL-U to scroll up.
[INFO  Sat 17 May 2025 01:58:55 AM IST] You pressed the j key too soon! Use [count]j or CTRL-D to scroll down.
[INFO  Sat 17 May 2025 01:58:58 AM IST] You pressed the j key too soon! Use [count]j or CTRL-D to scroll down.
[INFO  Sat 17 May 2025 01:59:00 AM IST] You pressed the k key too soon! Use [count]k or CTRL-U to scroll up.
[INFO  Sat 17 May 2025 01:59:01 AM IST] You pressed the k key too soon! Use [count]k or CTRL-U to scroll up.
[INFO  Sat 17 May 2025 01:59:48 AM IST] You pressed the j key too soon! Use [count]j or CTRL-D to scroll down.
[INFO  Sat 17 May 2025 01:59:49 AM IST] You pressed the j key too soon! Use [count]j or CTRL-D to scroll down.
[INFO  Sat 17 May 2025 01:59:51 AM IST] You pressed the k key too soon! Use [count]k or CTRL-U to scroll up.
[INFO  Sat 17 May 2025 01:59:56 AM IST] You pressed the k key too soon! Use [count]k or CTRL-U to scroll up.
[INFO  Sat 17 May 2025 01:59:59 AM IST] You pressed the j key too soon! Use [count]j or CTRL-D to scroll down.
[INFO  Sat 17 May 2025 02:00:00 AM IST] You pressed the j key too soon! Use [count]j or CTRL-D to scroll down.
[INFO  Sat 17 May 2025 02:00:02 AM IST] You pressed the j key too soon! Use [count]j or CTRL-D to scroll down.
[INFO  Sat 17 May 2025 02:00:03 AM IST] You pressed the j key too soon! Use [count]j or CTRL-D to scroll down.
[INFO  Sat 17 May 2025 02:00:04 AM IST] You pressed the k key too soon! Use [count]k or CTRL-U to scroll up.
[INFO  Sat 17 May 2025 02:00:19 AM IST] You pressed the j key too soon! Use [count]j or CTRL-D to scroll down.
[INFO  Sat 17 May 2025 02:00:20 AM IST] You pressed the k key too soon! Use [count]k or CTRL-U to scroll up.
[INFO  Sat 17 May 2025 02:00:21 AM IST] You pressed the k key too soon! Use [count]k or CTRL-U to scroll up.
[INFO  Sat 17 May 2025 02:00:23 AM IST] You pressed the k key too soon! Use [count]k or CTRL-U to scroll up.
[INFO  Sat 17 May 2025 02:00:24 AM IST] You pressed the k key too soon! Use [count]k or CTRL-U to scroll up.
[INFO  Sat 17 May 2025 02:00:29 AM IST] You pressed the j key too soon! Use [count]j or CTRL-D to scroll down.
[INFO  Sat 17 May 2025 02:00:30 AM IST] You pressed the j key too soon! Use [count]j or CTRL-D to scroll down.
[INFO  Sat 17 May 2025 02:00:37 AM IST] You pressed the k key too soon! Use [count]k or CTRL-U to scroll up.
[INFO  Sat 17 May 2025 02:00:38 AM IST] You pressed the k key too soon! Use [count]k or CTRL-U to scroll up.
[INFO  Sat 17 May 2025 02:02:20 AM IST] You pressed the j key too soon! Use [count]j or CTRL-D to scroll down.
[INFO  Sat 17 May 2025 02:02:21 AM IST] You pressed the j key too soon! Use [count]j or CTRL-D to scroll down.
[INFO  Sat 17 May 2025 02:02:22 AM IST] You pressed the k key too soon! Use [count]k or CTRL-U to scroll up.
[INFO  Sat 17 May 2025 02:02:30 AM IST] You pressed the j key too soon! Use [count]j or CTRL-D to scroll down.
[INFO  Sat 17 May 2025 02:02:31 AM IST] You pressed the j key too soon! Use [count]j or CTRL-D to scroll down.
[INFO  Sat 17 May 2025 02:02:32 AM IST] You pressed the j key too soon! Use [count]j or CTRL-D to scroll down.
[INFO  Sat 17 May 2025 02:02:34 AM IST] You pressed the j key too soon! Use [count]j or CTRL-D to scroll down.
[INFO  Sat 17 May 2025 02:02:35 AM IST] You pressed the j key too soon! Use [count]j or CTRL-D to scroll down.
[INFO  Sat 17 May 2025 02:02:36 AM IST] You pressed the k key too soon! Use [count]k or CTRL-U to scroll up.
[INFO  Sat 17 May 2025 02:03:16 AM IST] You pressed the j key too soon! Use [count]j or CTRL-D to scroll down.
[INFO  Sat 17 May 2025 02:06:51 AM IST] You pressed the k key too soon! Use [count]k or CTRL-U to scroll up.
[INFO  Sat 17 May 2025 02:06:55 AM IST] You pressed the j key too soon! Use [count]j or CTRL-D to scroll down.
[INFO  Sat 17 May 2025 02:07:05 AM IST] You pressed the j key too soon! Use [count]j or CTRL-D to scroll down.
[INFO  Sat 17 May 2025 02:07:06 AM IST] You pressed the k key too soon! Use [count]k or CTRL-U to scroll up.
[INFO  Sat 17 May 2025 02:07:09 AM IST] You pressed the j key too soon! Use [count]j or CTRL-D to scroll down.
[INFO  Sat 17 May 2025 02:07:58 AM IST] You pressed the j key too soon! Use [count]j or CTRL-D to scroll down.
[INFO  Sat 17 May 2025 02:08:08 AM IST] You pressed the k key too soon! Use [count]k or CTRL-U to scroll up.
[INFO  Sat 17 May 2025 02:08:21 AM IST] You pressed the k key too soon! Use [count]k or CTRL-U to scroll up.
[INFO  Sat 17 May 2025 02:08:40 AM IST] You pressed the j key too soon! Use [count]j or CTRL-D to scroll down.
[INFO  Sat 17 May 2025 02:10:02 AM IST] You pressed the j key too soon! Use [count]j or CTRL-D to scroll down.
[INFO  Sat 17 May 2025 02:11:47 AM IST] You pressed the k key too soon! Use [count]k or CTRL-U to scroll up.
[INFO  Sat 17 May 2025 02:12:18 AM IST] You pressed the k key too soon! Use [count]k or CTRL-U to scroll up.
[INFO  Sat 17 May 2025 02:12:21 AM IST] You pressed the k key too soon! Use [count]k or CTRL-U to scroll up.
[INFO  Sat 17 May 2025 02:12:57 AM IST] You pressed the k key too soon! Use [count]k or CTRL-U to scroll up.
[INFO  Sat 17 May 2025 02:12:58 AM IST] You pressed the k key too soon! Use [count]k or CTRL-U to scroll up.
[INFO  Sat 17 May 2025 02:13:00 AM IST] You pressed the k key too soon! Use [count]k or CTRL-U to scroll up.
[INFO  Sat 17 May 2025 02:13:02 AM IST] You pressed the k key too soon! Use [count]k or CTRL-U to scroll up.
[INFO  Sat 17 May 2025 02:13:10 AM IST] You pressed the k key too soon! Use [count]k or CTRL-U to scroll up.
[INFO  Sat 17 May 2025 02:13:21 AM IST] You pressed the j key too soon! Use [count]j or CTRL-D to scroll down.
[INFO  Sat 17 May 2025 02:13:30 AM IST] You pressed the k key too soon! Use [count]k or CTRL-U to scroll up.
[INFO  Sat 17 May 2025 02:14:10 AM IST] You pressed the k key too soon! Use [count]k or CTRL-U to scroll up.
[INFO  Sat 17 May 2025 02:14:13 AM IST] You pressed the j key too soon! Use [count]j or CTRL-D to scroll down.
[INFO  Sat 17 May 2025 02:14:14 AM IST] You pressed the j key too soon! Use [count]j or CTRL-D to scroll down.
[INFO  Sat 17 May 2025 02:14:15 AM IST] You pressed the j key too soon! Use [count]j or CTRL-D to scroll down.
[INFO  Sat 17 May 2025 02:15:12 AM IST] You pressed the j key too soon! Use [count]j or CTRL-D to scroll down.
[INFO  Sat 17 May 2025 09:19:24 PM IST] You pressed the k key too soon! Use [count]k or CTRL-U to scroll up.
[INFO  Sat 17 May 2025 09:19:25 PM IST] You pressed the j key too soon! Use [count]j or CTRL-D to scroll down.
[INFO  Sat 17 May 2025 09:19:33 PM IST] You pressed the k key too soon! Use [count]k or CTRL-U to scroll up.
[INFO  Sat 17 May 2025 09:19:52 PM IST] You pressed the j key too soon! Use [count]j or CTRL-D to scroll down.
[INFO  Sat 17 May 2025 09:19:56 PM IST] You pressed the k key too soon! Use [count]k or CTRL-U to scroll up.
[INFO  Sat 17 May 2025 09:19:57 PM IST] You pressed the j key too soon! Use [count]j or CTRL-D to scroll down.
[INFO  Sat 17 May 2025 09:19:58 PM IST] You pressed the k key too soon! Use [count]k or CTRL-U to scroll up.
[INFO  Sat 17 May 2025 09:20:09 PM IST] You pressed the j key too soon! Use [count]j or CTRL-D to scroll down.
[INFO  Sat 17 May 2025 09:20:26 PM IST] You pressed the k key too soon! Use [count]k or CTRL-U to scroll up.
[INFO  Sat 17 May 2025 09:20:28 PM IST] You pressed the k key too soon! Use [count]k or CTRL-U to scroll up.
[INFO  Sat 17 May 2025 09:20:31 PM IST] You pressed the k key too soon! Use [count]k or CTRL-U to scroll up.
[INFO  Sat 17 May 2025 09:20:34 PM IST] You pressed the j key too soon! Use [count]j or CTRL-D to scroll down.
[INFO  Sat 17 May 2025 09:20:39 PM IST] You pressed the k key too soon! Use [count]k or CTRL-U to scroll up.
[INFO  Sat 17 May 2025 09:20:40 PM IST] You pressed the k key too soon! Use [count]k or CTRL-U to scroll up.
[INFO  Sat 17 May 2025 09:20:42 PM IST] You pressed the j key too soon! Use [count]j or CTRL-D to scroll down.
[INFO  Sat 17 May 2025 09:20:46 PM IST] You pressed the k key too soon! Use [count]k or CTRL-U to scroll up.
[INFO  Sat 17 May 2025 09:21:06 PM IST] You pressed the j key too soon! Use [count]j or CTRL-D to scroll down.
[INFO  Sat 17 May 2025 09:21:33 PM IST] You pressed the k key too soon! Use [count]k or CTRL-U to scroll up.
[INFO  Sat 17 May 2025 09:21:35 PM IST] You pressed the k key too soon! Use [count]k or CTRL-U to scroll up.
[INFO  Sat 17 May 2025 09:22:16 PM IST] You pressed the k key too soon! Use [count]k or CTRL-U to scroll up.
[INFO  Sat 17 May 2025 09:32:20 PM IST] You pressed the h key too soon! Use b/B/ge/gE/F/T/0 to move left.
[INFO  Sat 17 May 2025 09:32:31 PM IST] You pressed the j key too soon! Use [count]j or CTRL-D to scroll down.
[INFO  Sat 17 May 2025 09:32:42 PM IST] You pressed the j key too soon! Use [count]j or CTRL-D to scroll down.
[INFO  Sat 17 May 2025 09:32:51 PM IST] You pressed the k key too soon! Use [count]k or CTRL-U to scroll up.
[INFO  Sat 17 May 2025 09:33:10 PM IST] You pressed the l key too soon! Use w/W/e/E/f/t/$ to move right.
[INFO  Sat 17 May 2025 09:33:10 PM IST] Use a instead of li
[INFO  Mon 19 May 2025 08:28:37 AM IST] You pressed the j key too soon! Use [count]j or CTRL-D to scroll down.
[INFO  Mon 19 May 2025 08:28:38 AM IST] You pressed the j key too soon! Use [count]j or CTRL-D to scroll down.
[INFO  Mon 19 May 2025 08:31:43 AM IST] You pressed the j key too soon! Use [count]j or CTRL-D to scroll down.
[INFO  Mon 19 May 2025 08:36:53 AM IST] You pressed the j key too soon! Use [count]j or CTRL-D to scroll down.
[INFO  Mon 19 May 2025 08:36:55 AM IST] You pressed the j key too soon! Use [count]j or CTRL-D to scroll down.
[INFO  Mon 19 May 2025 08:38:35 AM IST] You pressed the j key too soon! Use [count]j or CTRL-D to scroll down.
[INFO  Mon 19 May 2025 08:38:37 AM IST] You pressed the j key too soon! Use [count]j or CTRL-D to scroll down.
[INFO  Mon 19 May 2025 08:38:40 AM IST] You pressed the k key too soon! Use [count]k or CTRL-U to scroll up.
[INFO  Mon 19 May 2025 08:43:38 AM IST] You pressed the k key too soon! Use [count]k or CTRL-U to scroll up.
[INFO  Mon 19 May 2025 08:43:50 AM IST] You pressed the k key too soon! Use [count]k or CTRL-U to scroll up.
[INFO  Mon 19 May 2025 08:43:59 AM IST] You pressed the j key too soon! Use [count]j or CTRL-D to scroll down.
[INFO  Mon 19 May 2025 08:44:33 AM IST] You pressed the j key too soon! Use [count]j or CTRL-D to scroll down.
[INFO  Mon 19 May 2025 08:45:22 AM IST] You pressed the j key too soon! Use [count]j or CTRL-D to scroll down.
[INFO  Mon 19 May 2025 08:45:24 AM IST] You pressed the k key too soon! Use [count]k or CTRL-U to scroll up.
[INFO  Mon 19 May 2025 08:47:38 AM IST] You pressed the k key too soon! Use [count]k or CTRL-U to scroll up.
[INFO  Mon 19 May 2025 09:01:58 AM IST] You pressed the k key too soon! Use [count]k or CTRL-U to scroll up.
[INFO  Mon 19 May 2025 09:02:16 AM IST] The <Up> key is disabled!
[INFO  Mon 19 May 2025 09:02:18 AM IST] The <Up> key is disabled!
[INFO  Mon 19 May 2025 09:03:08 AM IST] You pressed the k key too soon! Use [count]k or CTRL-U to scroll up.
[INFO  Mon 19 May 2025 09:03:09 AM IST] You pressed the k key too soon! Use [count]k or CTRL-U to scroll up.
[INFO  Mon 19 May 2025 09:03:10 AM IST] You pressed the k key too soon! Use [count]k or CTRL-U to scroll up.
[INFO  Mon 19 May 2025 09:03:12 AM IST] You pressed the j key too soon! Use [count]j or CTRL-D to scroll down.
[INFO  Mon 19 May 2025 09:05:39 AM IST] You pressed the k key too soon! Use [count]k or CTRL-U to scroll up.
[INFO  Mon 19 May 2025 09:05:57 AM IST] Use o instead of jO
[INFO  Mon 19 May 2025 09:12:14 AM IST] You pressed the j key too soon! Use [count]j or CTRL-D to scroll down.
[INFO  Mon 19 May 2025 09:13:49 AM IST] You pressed the k key too soon! Use [count]k or CTRL-U to scroll up.
[INFO  Mon 19 May 2025 09:13:53 AM IST] You pressed the j key too soon! Use [count]j or CTRL-D to scroll down.
[INFO  Mon 19 May 2025 09:14:11 AM IST] You pressed the k key too soon! Use [count]k or CTRL-U to scroll up.
[INFO  Mon 19 May 2025 09:14:21 AM IST] You pressed the k key too soon! Use [count]k or CTRL-U to scroll up.
[INFO  Mon 19 May 2025 09:15:02 AM IST] You pressed the k key too soon! Use [count]k or CTRL-U to scroll up.
[INFO  Mon 19 May 2025 09:30:48 AM IST] You pressed the j key too soon! Use [count]j or CTRL-D to scroll down.
[INFO  Mon 19 May 2025 09:30:49 AM IST] You pressed the k key too soon! Use [count]k or CTRL-U to scroll up.
[INFO  Mon 19 May 2025 09:30:51 AM IST] You pressed the j key too soon! Use [count]j or CTRL-D to scroll down.
[INFO  Mon 19 May 2025 09:30:54 AM IST] You pressed the k key too soon! Use [count]k or CTRL-U to scroll up.
[INFO  Mon 19 May 2025 09:30:57 AM IST] You pressed the j key too soon! Use [count]j or CTRL-D to scroll down.
[INFO  Mon 19 May 2025 09:31:02 AM IST] You pressed the k key too soon! Use [count]k or CTRL-U to scroll up.
[INFO  Mon 19 May 2025 09:31:18 AM IST] You pressed the j key too soon! Use [count]j or CTRL-D to scroll down.
[INFO  Mon 19 May 2025 09:31:46 AM IST] You pressed the k key too soon! Use [count]k or CTRL-U to scroll up.
[INFO  Mon 19 May 2025 09:31:53 AM IST] You pressed the j key too soon! Use [count]j or CTRL-D to scroll down.
[INFO  Mon 19 May 2025 09:45:10 AM IST] You pressed the k key too soon! Use [count]k or CTRL-U to scroll up.
[INFO  Mon 19 May 2025 09:45:28 AM IST] You pressed the j key too soon! Use [count]j or CTRL-D to scroll down.
[INFO  Mon 19 May 2025 09:45:29 AM IST] You pressed the j key too soon! Use [count]j or CTRL-D to scroll down.
[INFO  Mon 19 May 2025 09:45:30 AM IST] You pressed the k key too soon! Use [count]k or CTRL-U to scroll up.
[INFO  Mon 19 May 2025 09:45:38 AM IST] You pressed the j key too soon! Use [count]j or CTRL-D to scroll down.
[INFO  Mon 19 May 2025 09:45:40 AM IST] You pressed the j key too soon! Use [count]j or CTRL-D to scroll down.
[INFO  Mon 19 May 2025 09:45:41 AM IST] You pressed the k key too soon! Use [count]k or CTRL-U to scroll up.
[INFO  Mon 19 May 2025 09:46:55 AM IST] You pressed the k key too soon! Use [count]k or CTRL-U to scroll up.
[INFO  Mon 19 May 2025 09:46:56 AM IST] You pressed the k key too soon! Use [count]k or CTRL-U to scroll up.
[INFO  Mon 19 May 2025 09:47:37 AM IST] You pressed the k key too soon! Use [count]k or CTRL-U to scroll up.
[INFO  Mon 19 May 2025 09:47:38 AM IST] You pressed the k key too soon! Use [count]k or CTRL-U to scroll up.
[INFO  Mon 19 May 2025 09:47:56 AM IST] You pressed the k key too soon! Use [count]k or CTRL-U to scroll up.
[INFO  Mon 19 May 2025 09:47:59 AM IST] You pressed the j key too soon! Use [count]j or CTRL-D to scroll down.
[INFO  Mon 19 May 2025 09:48:06 AM IST] You pressed the j key too soon! Use [count]j or CTRL-D to scroll down.
[INFO  Mon 19 May 2025 09:48:21 AM IST] You pressed the j key too soon! Use [count]j or CTRL-D to scroll down.
[INFO  Mon 19 May 2025 09:48:43 AM IST] You pressed the j key too soon! Use [count]j or CTRL-D to scroll down.
[INFO  Mon 19 May 2025 09:48:45 AM IST] You pressed the k key too soon! Use [count]k or CTRL-U to scroll up.
[INFO  Mon 19 May 2025 10:06:04 AM IST] You pressed the j key too soon! Use [count]j or CTRL-D to scroll down.
[INFO  Mon 19 May 2025 10:06:05 AM IST] You pressed the k key too soon! Use [count]k or CTRL-U to scroll up.
[INFO  Mon 19 May 2025 10:22:23 AM IST] You pressed the k key too soon! Use [count]k or CTRL-U to scroll up.
[INFO  Mon 19 May 2025 10:22:34 AM IST] You pressed the j key too soon! Use [count]j or CTRL-D to scroll down.
[INFO  Mon 19 May 2025 10:22:35 AM IST] You pressed the j key too soon! Use [count]j or CTRL-D to scroll down.
[INFO  Mon 19 May 2025 10:22:37 AM IST] You pressed the j key too soon! Use [count]j or CTRL-D to scroll down.
[INFO  Mon 19 May 2025 10:22:38 AM IST] You pressed the k key too soon! Use [count]k or CTRL-U to scroll up.
[INFO  Mon 19 May 2025 10:24:45 AM IST] You pressed the j key too soon! Use [count]j or CTRL-D to scroll down.
[INFO  Mon 19 May 2025 10:32:22 AM IST] You pressed the j key too soon! Use [count]j or CTRL-D to scroll down.
[INFO  Mon 19 May 2025 10:40:52 AM IST] You pressed the j key too soon! Use [count]j or CTRL-D to scroll down.
[INFO  Mon 19 May 2025 10:40:59 AM IST] You pressed the j key too soon! Use [count]j or CTRL-D to scroll down.
[INFO  Mon 19 May 2025 10:41:00 AM IST] You pressed the j key too soon! Use [count]j or CTRL-D to scroll down.
[INFO  Mon 19 May 2025 10:41:01 AM IST] You pressed the j key too soon! Use [count]j or CTRL-D to scroll down.
[INFO  Mon 19 May 2025 10:41:07 AM IST] You pressed the j key too soon! Use [count]j or CTRL-D to scroll down.
[INFO  Mon 19 May 2025 10:50:28 AM IST] You pressed the k key too soon! Use [count]k or CTRL-U to scroll up.
[INFO  Mon 19 May 2025 10:50:32 AM IST] You pressed the j key too soon! Use [count]j or CTRL-D to scroll down.
[INFO  Mon 19 May 2025 10:51:14 AM IST] You pressed the j key too soon! Use [count]j or CTRL-D to scroll down.
[INFO  Mon 19 May 2025 11:00:11 AM IST] You pressed the j key too soon! Use [count]j or CTRL-D to scroll down.
[INFO  Mon 19 May 2025 11:00:14 AM IST] You pressed the k key too soon! Use [count]k or CTRL-U to scroll up.
[INFO  Mon 19 May 2025 11:01:11 AM IST] You pressed the j key too soon! Use [count]j or CTRL-D to scroll down.
[INFO  Mon 19 May 2025 11:01:49 AM IST] You pressed the h key too soon! Use b/B/ge/gE/F/T/0 to move left.
[INFO  Mon 19 May 2025 11:02:04 AM IST] You pressed the l key too soon! Use w/W/e/E/f/t/$ to move right.
[INFO  Mon 19 May 2025 11:08:03 AM IST] Use a instead of li
[INFO  Mon 19 May 2025 11:08:10 AM IST] You pressed the j key too soon! Use [count]j or CTRL-D to scroll down.
[INFO  Mon 19 May 2025 11:23:54 AM IST] You pressed the k key too soon! Use [count]k or CTRL-U to scroll up.
[INFO  Mon 19 May 2025 11:23:56 AM IST] You pressed the j key too soon! Use [count]j or CTRL-D to scroll down.
[INFO  Mon 19 May 2025 11:26:14 AM IST] You pressed the k key too soon! Use [count]k or CTRL-U to scroll up.
[INFO  Mon 19 May 2025 11:26:16 AM IST] You pressed the j key too soon! Use [count]j or CTRL-D to scroll down.
[INFO  Mon 19 May 2025 11:27:04 AM IST] You pressed the k key too soon! Use [count]k or CTRL-U to scroll up.
[INFO  Mon 19 May 2025 11:27:06 AM IST] You pressed the k key too soon! Use [count]k or CTRL-U to scroll up.
[INFO  Mon 19 May 2025 11:27:19 AM IST] You pressed the j key too soon! Use [count]j or CTRL-D to scroll down.
[INFO  Mon 19 May 2025 11:31:11 AM IST] You pressed the k key too soon! Use [count]k or CTRL-U to scroll up.
[INFO  Mon 19 May 2025 11:31:12 AM IST] You pressed the k key too soon! Use [count]k or CTRL-U to scroll up.
[INFO  Mon 19 May 2025 11:31:13 AM IST] You pressed the j key too soon! Use [count]j or CTRL-D to scroll down.
[INFO  Mon 19 May 2025 11:31:44 AM IST] You pressed the j key too soon! Use [count]j or CTRL-D to scroll down.
[INFO  Mon 19 May 2025 11:31:54 AM IST] You pressed the j key too soon! Use [count]j or CTRL-D to scroll down.
[INFO  Mon 19 May 2025 11:32:29 AM IST] You pressed the j key too soon! Use [count]j or CTRL-D to scroll down.
[INFO  Mon 19 May 2025 11:33:48 AM IST] You pressed the j key too soon! Use [count]j or CTRL-D to scroll down.
[INFO  Mon 19 May 2025 11:39:16 AM IST] You pressed the j key too soon! Use [count]j or CTRL-D to scroll down.
[INFO  Mon 19 May 2025 11:40:04 AM IST] You pressed the k key too soon! Use [count]k or CTRL-U to scroll up.
[INFO  Mon 19 May 2025 11:40:21 AM IST] You pressed the k key too soon! Use [count]k or CTRL-U to scroll up.
[INFO  Mon 19 May 2025 11:40:22 AM IST] You pressed the k key too soon! Use [count]k or CTRL-U to scroll up.
[INFO  Mon 19 May 2025 11:40:23 AM IST] You pressed the k key too soon! Use [count]k or CTRL-U to scroll up.
[INFO  Mon 19 May 2025 11:40:26 AM IST] You pressed the k key too soon! Use [count]k or CTRL-U to scroll up.
[INFO  Mon 19 May 2025 11:40:27 AM IST] You pressed the k key too soon! Use [count]k or CTRL-U to scroll up.
[INFO  Mon 19 May 2025 11:40:49 AM IST] You pressed the j key too soon! Use [count]j or CTRL-D to scroll down.
[INFO  Mon 19 May 2025 11:40:52 AM IST] You pressed the j key too soon! Use [count]j or CTRL-D to scroll down.
[INFO  Mon 19 May 2025 11:40:53 AM IST] You pressed the j key too soon! Use [count]j or CTRL-D to scroll down.
[INFO  Mon 19 May 2025 11:41:00 AM IST] You pressed the h key too soon! Use b/B/ge/gE/F/T/0 to move left.
[INFO  Mon 19 May 2025 11:41:01 AM IST] You pressed the l key too soon! Use w/W/e/E/f/t/$ to move right.
[INFO  Mon 19 May 2025 11:41:02 AM IST] You pressed the l key too soon! Use w/W/e/E/f/t/$ to move right.
[INFO  Mon 19 May 2025 11:42:04 AM IST] You pressed the j key too soon! Use [count]j or CTRL-D to scroll down.
[INFO  Mon 19 May 2025 11:43:14 AM IST] You pressed the j key too soon! Use [count]j or CTRL-D to scroll down.
[INFO  Mon 19 May 2025 11:45:12 AM IST] The <Up> key is disabled!
[INFO  Mon 19 May 2025 11:45:13 AM IST] The <Up> key is disabled!
[INFO  Mon 19 May 2025 11:45:14 AM IST] The <Up> key is disabled!
[INFO  Mon 19 May 2025 11:45:16 AM IST] The <Down> key is disabled!
[INFO  Mon 19 May 2025 11:45:17 AM IST] The <Right> key is disabled!
[INFO  Mon 19 May 2025 11:45:18 AM IST] The <Left> key is disabled!
[INFO  Mon 19 May 2025 11:45:19 AM IST] The <Left> key is disabled!
[INFO  Mon 19 May 2025 11:45:20 AM IST] The <Left> key is disabled!
[INFO  Mon 19 May 2025 11:45:22 AM IST] The <Up> key is disabled!
[INFO  Mon 19 May 2025 11:45:56 AM IST] You pressed the k key too soon! Use [count]k or CTRL-U to scroll up.
[INFO  Mon 19 May 2025 11:46:30 AM IST] You pressed the j key too soon! Use [count]j or CTRL-D to scroll down.
[INFO  Mon 19 May 2025 11:46:45 AM IST] You pressed the k key too soon! Use [count]k or CTRL-U to scroll up.
[INFO  Mon 19 May 2025 11:46:47 AM IST] You pressed the k key too soon! Use [count]k or CTRL-U to scroll up.
[INFO  Mon 19 May 2025 11:46:48 AM IST] You pressed the k key too soon! Use [count]k or CTRL-U to scroll up.
[INFO  Mon 19 May 2025 11:46:49 AM IST] You pressed the j key too soon! Use [count]j or CTRL-D to scroll down.
[INFO  Mon 19 May 2025 11:47:41 AM IST] You pressed the j key too soon! Use [count]j or CTRL-D to scroll down.
[INFO  Mon 19 May 2025 11:49:42 AM IST] You pressed the j key too soon! Use [count]j or CTRL-D to scroll down.
[INFO  Mon 19 May 2025 11:49:55 AM IST] You pressed the k key too soon! Use [count]k or CTRL-U to scroll up.
[INFO  Mon 19 May 2025 11:49:56 AM IST] You pressed the j key too soon! Use [count]j or CTRL-D to scroll down.
[INFO  Mon 19 May 2025 11:50:11 AM IST] You pressed the j key too soon! Use [count]j or CTRL-D to scroll down.
[INFO  Mon 19 May 2025 11:50:15 AM IST] You pressed the k key too soon! Use [count]k or CTRL-U to scroll up.
[INFO  Mon 19 May 2025 11:51:57 AM IST] You pressed the j key too soon! Use [count]j or CTRL-D to scroll down.
[INFO  Mon 19 May 2025 11:52:00 AM IST] You pressed the j key too soon! Use [count]j or CTRL-D to scroll down.
[INFO  Mon 19 May 2025 11:52:01 AM IST] You pressed the j key too soon! Use [count]j or CTRL-D to scroll down.
[INFO  Mon 19 May 2025 11:52:02 AM IST] You pressed the k key too soon! Use [count]k or CTRL-U to scroll up.
[INFO  Mon 19 May 2025 11:52:04 AM IST] You pressed the k key too soon! Use [count]k or CTRL-U to scroll up.
[INFO  Mon 19 May 2025 11:54:10 AM IST] You pressed the j key too soon! Use [count]j or CTRL-D to scroll down.
[INFO  Mon 19 May 2025 11:54:30 AM IST] You pressed the l key too soon! Use w/W/e/E/f/t/$ to move right.
[INFO  Mon 19 May 2025 11:54:32 AM IST] You pressed the h key too soon! Use b/B/ge/gE/F/T/0 to move left.
[INFO  Mon 19 May 2025 11:54:40 AM IST] You pressed the h key too soon! Use b/B/ge/gE/F/T/0 to move left.
[INFO  Mon 19 May 2025 11:55:03 AM IST] You pressed the k key too soon! Use [count]k or CTRL-U to scroll up.
[INFO  Mon 19 May 2025 11:55:15 AM IST] You pressed the h key too soon! Use b/B/ge/gE/F/T/0 to move left.
[INFO  Mon 19 May 2025 11:55:23 AM IST] You pressed the k key too soon! Use [count]k or CTRL-U to scroll up.
[INFO  Mon 19 May 2025 11:55:28 AM IST] You pressed the h key too soon! Use b/B/ge/gE/F/T/0 to move left.
[INFO  Mon 19 May 2025 12:06:09 PM IST] You pressed the k key too soon! Use [count]k or CTRL-U to scroll up.
[INFO  Mon 19 May 2025 12:06:11 PM IST] You pressed the j key too soon! Use [count]j or CTRL-D to scroll down.
[INFO  Mon 19 May 2025 12:06:47 PM IST] You pressed the h key too soon! Use b/B/ge/gE/F/T/0 to move left.
[INFO  Mon 19 May 2025 12:13:23 PM IST] You pressed the j key too soon! Use [count]j or CTRL-D to scroll down.
[INFO  Mon 19 May 2025 12:18:08 PM IST] You pressed the j key too soon! Use [count]j or CTRL-D to scroll down.
[INFO  Mon 19 May 2025 12:18:10 PM IST] You pressed the j key too soon! Use [count]j or CTRL-D to scroll down.
[INFO  Mon 19 May 2025 12:18:11 PM IST] You pressed the j key too soon! Use [count]j or CTRL-D to scroll down.
[INFO  Mon 19 May 2025 12:18:13 PM IST] You pressed the j key too soon! Use [count]j or CTRL-D to scroll down.
[INFO  Mon 19 May 2025 12:18:17 PM IST] You pressed the k key too soon! Use [count]k or CTRL-U to scroll up.
[INFO  Mon 19 May 2025 12:18:20 PM IST] You pressed the k key too soon! Use [count]k or CTRL-U to scroll up.
[INFO  Mon 19 May 2025 12:18:21 PM IST] You pressed the k key too soon! Use [count]k or CTRL-U to scroll up.
[INFO  Mon 19 May 2025 12:28:17 PM IST] You pressed the j key too soon! Use [count]j or CTRL-D to scroll down.
[INFO  Mon 19 May 2025 12:28:18 PM IST] You pressed the j key too soon! Use [count]j or CTRL-D to scroll down.
[INFO  Mon 19 May 2025 12:28:19 PM IST] You pressed the j key too soon! Use [count]j or CTRL-D to scroll down.
[INFO  Mon 19 May 2025 12:28:20 PM IST] You pressed the k key too soon! Use [count]k or CTRL-U to scroll up.
[INFO  Mon 19 May 2025 12:28:31 PM IST] You pressed the k key too soon! Use [count]k or CTRL-U to scroll up.
[INFO  Mon 19 May 2025 12:30:55 PM IST] You pressed the j key too soon! Use [count]j or CTRL-D to scroll down.
[INFO  Mon 19 May 2025 12:30:56 PM IST] You pressed the j key too soon! Use [count]j or CTRL-D to scroll down.
[INFO  Mon 19 May 2025 12:31:02 PM IST] You pressed the l key too soon! Use w/W/e/E/f/t/$ to move right.
[INFO  Mon 19 May 2025 12:31:09 PM IST] You pressed the h key too soon! Use b/B/ge/gE/F/T/0 to move left.
[INFO  Mon 19 May 2025 12:31:11 PM IST] You pressed the l key too soon! Use w/W/e/E/f/t/$ to move right.
[INFO  Mon 19 May 2025 12:31:42 PM IST] You pressed the j key too soon! Use [count]j or CTRL-D to scroll down.
[INFO  Mon 19 May 2025 12:31:45 PM IST] You pressed the j key too soon! Use [count]j or CTRL-D to scroll down.
[INFO  Mon 19 May 2025 12:32:17 PM IST] You pressed the j key too soon! Use [count]j or CTRL-D to scroll down.
[INFO  Mon 19 May 2025 12:32:20 PM IST] You pressed the j key too soon! Use [count]j or CTRL-D to scroll down.
[INFO  Mon 19 May 2025 12:34:20 PM IST] You pressed the j key too soon! Use [count]j or CTRL-D to scroll down.
[INFO  Mon 19 May 2025 12:49:00 PM IST] You pressed the j key too soon! Use [count]j or CTRL-D to scroll down.
[INFO  Mon 19 May 2025 12:49:02 PM IST] You pressed the j key too soon! Use [count]j or CTRL-D to scroll down.
[INFO  Mon 19 May 2025 12:49:21 PM IST] You pressed the j key too soon! Use [count]j or CTRL-D to scroll down.
[INFO  Mon 19 May 2025 12:50:43 PM IST] You pressed the j key too soon! Use [count]j or CTRL-D to scroll down.
[INFO  Mon 19 May 2025 12:51:00 PM IST] You pressed the j key too soon! Use [count]j or CTRL-D to scroll down.
[INFO  Mon 19 May 2025 12:57:31 PM IST] You pressed the j key too soon! Use [count]j or CTRL-D to scroll down.
[INFO  Mon 19 May 2025 12:57:32 PM IST] You pressed the k key too soon! Use [count]k or CTRL-U to scroll up.
[INFO  Mon 19 May 2025 01:08:03 PM IST] You pressed the k key too soon! Use [count]k or CTRL-U to scroll up.
[INFO  Mon 19 May 2025 01:08:05 PM IST] You pressed the j key too soon! Use [count]j or CTRL-D to scroll down.
[INFO  Mon 19 May 2025 01:10:57 PM IST] You pressed the k key too soon! Use [count]k or CTRL-U to scroll up.
[INFO  Mon 19 May 2025 01:11:09 PM IST] You pressed the j key too soon! Use [count]j or CTRL-D to scroll down.
[INFO  Mon 19 May 2025 01:11:48 PM IST] You pressed the k key too soon! Use [count]k or CTRL-U to scroll up.
[INFO  Mon 19 May 2025 01:12:38 PM IST] You pressed the j key too soon! Use [count]j or CTRL-D to scroll down.
[INFO  Mon 19 May 2025 01:12:46 PM IST] You pressed the k key too soon! Use [count]k or CTRL-U to scroll up.
[INFO  Mon 19 May 2025 01:12:50 PM IST] You pressed the j key too soon! Use [count]j or CTRL-D to scroll down.
[INFO  Mon 19 May 2025 01:13:54 PM IST] You pressed the k key too soon! Use [count]k or CTRL-U to scroll up.
[INFO  Mon 19 May 2025 01:13:57 PM IST] You pressed the j key too soon! Use [count]j or CTRL-D to scroll down.
[INFO  Mon 19 May 2025 01:13:59 PM IST] You pressed the k key too soon! Use [count]k or CTRL-U to scroll up.
[INFO  Mon 19 May 2025 01:14:29 PM IST] You pressed the k key too soon! Use [count]k or CTRL-U to scroll up.
[INFO  Mon 19 May 2025 01:15:39 PM IST] You pressed the j key too soon! Use [count]j or CTRL-D to scroll down.
[INFO  Mon 19 May 2025 01:15:40 PM IST] You pressed the j key too soon! Use [count]j or CTRL-D to scroll down.
[INFO  Mon 19 May 2025 01:15:42 PM IST] You pressed the k key too soon! Use [count]k or CTRL-U to scroll up.
[INFO  Mon 19 May 2025 01:17:09 PM IST] You pressed the j key too soon! Use [count]j or CTRL-D to scroll down.
[INFO  Mon 19 May 2025 01:17:10 PM IST] You pressed the j key too soon! Use [count]j or CTRL-D to scroll down.
[INFO  Mon 19 May 2025 01:17:11 PM IST] You pressed the j key too soon! Use [count]j or CTRL-D to scroll down.
[INFO  Mon 19 May 2025 01:17:13 PM IST] You pressed the j key too soon! Use [count]j or CTRL-D to scroll down.
[INFO  Mon 19 May 2025 01:17:56 PM IST] You pressed the k key too soon! Use [count]k or CTRL-U to scroll up.
[INFO  Mon 19 May 2025 01:18:00 PM IST] You pressed the k key too soon! Use [count]k or CTRL-U to scroll up.
[INFO  Mon 19 May 2025 01:18:01 PM IST] You pressed the k key too soon! Use [count]k or CTRL-U to scroll up.
[INFO  Mon 19 May 2025 01:18:03 PM IST] You pressed the k key too soon! Use [count]k or CTRL-U to scroll up.
[INFO  Mon 19 May 2025 01:18:04 PM IST] You pressed the j key too soon! Use [count]j or CTRL-D to scroll down.
[INFO  Mon 19 May 2025 01:19:01 PM IST] You pressed the k key too soon! Use [count]k or CTRL-U to scroll up.
[INFO  Mon 19 May 2025 01:19:14 PM IST] You pressed the l key too soon! Use w/W/e/E/f/t/$ to move right.
[INFO  Mon 19 May 2025 01:19:40 PM IST] You pressed the k key too soon! Use [count]k or CTRL-U to scroll up.
[INFO  Mon 19 May 2025 02:04:31 PM IST] You pressed the k key too soon! Use [count]k or CTRL-U to scroll up.
[INFO  Mon 19 May 2025 02:04:32 PM IST] You pressed the j key too soon! Use [count]j or CTRL-D to scroll down.
[INFO  Mon 19 May 2025 02:04:44 PM IST] You pressed the j key too soon! Use [count]j or CTRL-D to scroll down.
[INFO  Mon 19 May 2025 02:04:58 PM IST] You pressed the <C-N> key too soon!
[INFO  Mon 19 May 2025 02:05:03 PM IST] You pressed the <C-N> key too soon!
[INFO  Mon 19 May 2025 02:05:04 PM IST] You pressed the <C-N> key too soon!
[INFO  Mon 19 May 2025 02:06:07 PM IST] You pressed the <C-N> key too soon!
[INFO  Mon 19 May 2025 02:06:17 PM IST] You pressed the <C-N> key too soon!
[INFO  Mon 19 May 2025 02:07:29 PM IST] You pressed the j key too soon! Use [count]j or CTRL-D to scroll down.
[INFO  Mon 19 May 2025 02:07:59 PM IST] You pressed the k key too soon! Use [count]k or CTRL-U to scroll up.
[INFO  Mon 19 May 2025 03:02:16 PM IST] You pressed the j key too soon! Use [count]j or CTRL-D to scroll down.
[INFO  Mon 19 May 2025 03:02:20 PM IST] You pressed the k key too soon! Use [count]k or CTRL-U to scroll up.
[INFO  Mon 19 May 2025 03:02:26 PM IST] You pressed the k key too soon! Use [count]k or CTRL-U to scroll up.
[INFO  Mon 19 May 2025 03:02:36 PM IST] You pressed the j key too soon! Use [count]j or CTRL-D to scroll down.
[INFO  Mon 19 May 2025 03:02:38 PM IST] You pressed the j key too soon! Use [count]j or CTRL-D to scroll down.
[INFO  Mon 19 May 2025 03:02:39 PM IST] You pressed the j key too soon! Use [count]j or CTRL-D to scroll down.
[INFO  Mon 19 May 2025 03:02:40 PM IST] You pressed the j key too soon! Use [count]j or CTRL-D to scroll down.
[INFO  Mon 19 May 2025 03:02:42 PM IST] You pressed the j key too soon! Use [count]j or CTRL-D to scroll down.
[INFO  Mon 19 May 2025 03:02:44 PM IST] You pressed the j key too soon! Use [count]j or CTRL-D to scroll down.
[INFO  Mon 19 May 2025 03:02:45 PM IST] You pressed the j key too soon! Use [count]j or CTRL-D to scroll down.
[INFO  Mon 19 May 2025 03:02:54 PM IST] You pressed the j key too soon! Use [count]j or CTRL-D to scroll down.
[INFO  Mon 19 May 2025 03:02:55 PM IST] You pressed the j key too soon! Use [count]j or CTRL-D to scroll down.
[INFO  Mon 19 May 2025 03:02:56 PM IST] You pressed the j key too soon! Use [count]j or CTRL-D to scroll down.
[INFO  Mon 19 May 2025 03:02:57 PM IST] You pressed the j key too soon! Use [count]j or CTRL-D to scroll down.
[INFO  Mon 19 May 2025 03:02:59 PM IST] You pressed the j key too soon! Use [count]j or CTRL-D to scroll down.
[INFO  Mon 19 May 2025 03:03:03 PM IST] You pressed the k key too soon! Use [count]k or CTRL-U to scroll up.
[INFO  Mon 19 May 2025 03:03:04 PM IST] You pressed the k key too soon! Use [count]k or CTRL-U to scroll up.
[INFO  Mon 19 May 2025 03:03:05 PM IST] You pressed the j key too soon! Use [count]j or CTRL-D to scroll down.
[INFO  Mon 19 May 2025 03:03:07 PM IST] You pressed the j key too soon! Use [count]j or CTRL-D to scroll down.
[INFO  Mon 19 May 2025 03:03:09 PM IST] You pressed the j key too soon! Use [count]j or CTRL-D to scroll down.
[INFO  Mon 19 May 2025 03:03:10 PM IST] You pressed the j key too soon! Use [count]j or CTRL-D to scroll down.
[INFO  Mon 19 May 2025 03:03:12 PM IST] You pressed the k key too soon! Use [count]k or CTRL-U to scroll up.
[INFO  Mon 19 May 2025 03:03:14 PM IST] You pressed the k key too soon! Use [count]k or CTRL-U to scroll up.
[INFO  Mon 19 May 2025 03:03:20 PM IST] You pressed the j key too soon! Use [count]j or CTRL-D to scroll down.
[INFO  Mon 19 May 2025 03:03:28 PM IST] You pressed the j key too soon! Use [count]j or CTRL-D to scroll down.
[INFO  Mon 19 May 2025 03:03:31 PM IST] You pressed the k key too soon! Use [count]k or CTRL-U to scroll up.
[INFO  Mon 19 May 2025 03:03:33 PM IST] You pressed the k key too soon! Use [count]k or CTRL-U to scroll up.
[INFO  Mon 19 May 2025 03:03:39 PM IST] You pressed the j key too soon! Use [count]j or CTRL-D to scroll down.
[INFO  Mon 19 May 2025 03:03:43 PM IST] You pressed the j key too soon! Use [count]j or CTRL-D to scroll down.
